saved primitive_age      tick       520  built    38  pop    70  (0s wall)
saved stone_age          tick      2240  built    67  pop   139  (1s wall)
saved bronze_age         tick      5015  built   104  pop   304  (3s wall)
saved iron_age           tick     10710  built   166  pop   555  (6s wall)
saved classical_age      tick     17835  built   210  pop   758  (10s wall)
saved medieval_age       tick     23810  built   235  pop   842  (15s wall)
saved renaissance_age    tick     36070  built   297  pop  1117  (21s wall)
saved colonial_age       tick     45370  built   335  pop  1349  (27s wall)
saved industrial_age     tick     59860  built   386  pop  1495  (40s wall)
saved victorian_age      tick     72070  built   407  pop  1714  (50s wall)
saved electric_age       tick     90095  built   465  pop  2138  (1m2s wall)
saved atomic_age         tick    109025  built   521  pop  2687  (1m17s wall)
saved modern_age_catastrophe tick    109030  (catastrophe pending: digital_era)
saved modern_age         tick    135250  built   595  pop  2588  (1m39s wall)
saved information_age    tick    175990  built   623  pop  2720  (2m10s wall)
saved digital_age        tick    213040  built   676  pop  3380  (2m45s wall)
saved cyberpunk_age      tick    259935  built   764  pop  4133  (3m23s wall)
saved fusion_age         tick    295625  built   785  pop  4399  (3m59s wall)
saved space_age          tick    344770  built   809  pop  4483  (4m47s wall)
saved interstellar_age   tick    424865  built   866  pop  5111  (5m51s wall)
saved galactic_age       tick    487495  built   936  pop  6403  (7m28s wall)
saved quantum_age        tick    647180  built  1038  pop  8883  (10m58s wall)
saved transcendent_age   tick    653185  built  1038  pop  8883  (11m4s wall)
